{
  "amount" : "456.78 EUR",
  "buyer" : "the-buyer"
}