{
  "chargePerBid" : "3.50 EUR",
  "description" : "a product",
  "reserve" : "0.00 EUR",
  "rules" : "Reverse",
  "seller" : "the-user"
}