{
  "commission" : 0.13,
  "description" : "a product",
  "reserve" : "456.78 EUR",
  "rules" : "Vickrey",
  "seller" : "the-user"
}