{
  "amount" : "910.11 GBP",
  "bidder" : "the-winner",
  "result" : "sold"
}